// Jest Snapshot v1, https://goo.gl/fbAQLP

exports[`Modal allows to manually mount modal portal when autoMountPortal: false 1`] = `
<div>
  <!---->
  <div class="modal-wrapper">
    <transition-stub name="modal-backdrop">
      <div class="modal-backdrop"></div>
    </transition-stub>
    <div role="dialog" aria-hidden="false" class="modal-content-wrapper">
      <transition-stub name="modal-content">
        <p class="modal-content">Hello!</p>
      </transition-stub>
    </div>
  </div>
</div>
`;
